Microchip MPLAB XC8 Compiler V3.10

Linker command line:

-W-3 \
  --edf=/home/vbox/.mchp_packs/Microchip/PIC16Fxxx_DFP/1.8.167/xc8/pic/dat/20260422061002_en.msgs \
  -cn \
  -h+/home/vbox/MPLABXProjects/ProgramIntegration.X/out/ProgramIntegration.X/default.sym \
  --cmf=/home/vbox/MPLABXProjects/ProgramIntegration.X/out/ProgramIntegration.X/default.cmf \
  -z -Q16F877A -o/tmp/xcXKCkPfE/driver_tmp_3.o --defsym=__MPLAB_BUILD=1 \
  --fixupoverflow=error -Mmem.map --md=/tmp/xcXKCkPfE/driver_tmp_0.dat -E1 \
  -ver=XC8 Compiler -ACODE=00h-07FFhx4 -ASTRCODE=00h-01FFFh \
  -ASTRING=00h-0FFhx32 -ACONST=00h-0FFhx32 -AENTRY=00h-0FFhx32 \
  -ACOMMON=070h-07Fh -ABANK0=020h-06Fh -ABANK1=0A0h-0EFh \
  -ABANK2=0110h-016Fh -ABANK3=0190h-01EFh \
  -ARAM=020h-06Fh,0A0h-0EFh,0110h-016Fh,0190h-01EFh \
  -AABS1=020h-07Fh,0A0h-0EFh,0110h-016Fh,0190h-01EFh -ASFR0=00h-01Fh \
  -ASFR1=080h-09Fh -ASFR2=0100h-010Fh -ASFR3=0180h-018Fh \
  -ACONFIG=02007h-02007h -DCONFIG=2 -AIDLOC=02000h-02003h -DIDLOC=2 \
  -AEEDATA=00h-0FFh/02100h -peeprom_data=EEDATA -DEEDATA=2 -DCODE=2 \
  -DSTRCODE=2 -DSTRING=2 -DCONST=2 -DENTRY=2 \
  -preset_vec=00h,intentry,sivt,init,end_init -ppowerup=CODE -pcinit=CODE \
  -pfunctab=ENTRY -k /tmp/xcXKCkPfE/driver_tmp_10.o \
  /home/vbox/MPLABXProjects/ProgramIntegration.X/out/ProgramIntegration.X/default.o 

Object code version is 3.11

Machine type is 16F877A



                Name                               Link     Load   Length Selector   Space Scale
/tmp/xcXKCkPfE/driver_tmp_10.o
                end_init                              0        0        3        0       0
                config                             2007     2007        1        0       4
/home/vbox/MPLABXProjects/ProgramIntegration.X/out/ProgramIntegration.X/default.o
                cinit                               7D4      7D4       2C      FA8       0
                config                             2007     2007        1        0       4
                text31                              DA4      DA4      25C     1B48       0
                text30                              A20      A20       63     1440       0
                text29                              9C9      9C9       57     1392       0
                text28                              AF1      AF1       A2     15E2       0
                text27                              891      891       27     1122       0
                text26                              146      146      342      28C       0
                text25                             1746     1746        B     2E8C       0
                text24                               16       16       76       2C       0
                text23                              86C      86C       25     10D8       0
                text22                              B93      B93       B4     1726       0
                text21                             17BE     17BE       21     2F7C       0
                text20                              488      488      34C      910       0
                text19                             17DF     17DF       21     2FBE       0
                text18                             1761     1761       11     2EC2       0
                text17                              935      935       4A     126A       0
                text16                             178A     178A       1A     2F14       0
                text15                             1772     1772       18     2EE4       0
                text14                             1751     1751       10     2EA2       0
                text13                             17A4     17A4       1A     2F48       0
                text12                              8B8      8B8       27     1170       0
                text11                              97F      97F       4A     12FE       0
                text10                             172C     172C        5     2E58       0
                text9                              1720     1720        4     2E40       0
                text8                              1724     1724        4     2E48       0
                text7                                8C       8C       BA      118       0
                text6                               C47      C47      15D     188E       0
                text5                                 3        3       13        0       0
                text4                              1737     1737        7     2E6E       0
                text3                              1731     1731        6     2E62       0
                text2                               A83      A83       6E     1506       0
                text1                               8DF      8DF       29     11BE       0
                maintext                            908      908       2D     1210       0
                cstackBANK0                          20       20       40       20       1
                cstackCOMMON                         70       70        E       70       1
                cstackBANK1                          A0       A0       4A       A0       1
                cstackBANK3                         190      190       60      190       1
                clrtext                            173E     173E        8     2E7C       0
                bssBANK2                            110      110       28      110       1
                dataBANK0                            67       67        4       20       1
                bssBANK0                             60       60        7       20       1
                strings                             800      800       6B     1000       0
                idataBANK0                         1728     1728        4     2E50       0

TOTAL           Name                               Link     Load   Length     Space
        CLASS   CODE           
                end_init                              0        0        3         0
                cinit                               7D4      7D4       2C         0
                text31                              DA4      DA4      25C         0
                text30                              A20      A20       63         0
                text29                              9C9      9C9       57         0
                text28                              AF1      AF1       A2         0
                text27                              891      891       27         0
                text26                              146      146      342         0
                text25                             1746     1746        B         0
                text24                               16       16       76         0
                text23                              86C      86C       25         0
                text22                              B93      B93       B4         0
                text21                             17BE     17BE       21         0
                text20                              488      488      34C         0
                text19                             17DF     17DF       21         0
                text18                             1761     1761       11         0
                text17                              935      935       4A         0
                text16                             178A     178A       1A         0
                text15                             1772     1772       18         0
                text14                             1751     1751       10         0
                text13                             17A4     17A4       1A         0
                text12                              8B8      8B8       27         0
                text11                              97F      97F       4A         0
                text10                             172C     172C        5         0
                text9                              1720     1720        4         0
                text8                              1724     1724        4         0
                text7                                8C       8C       BA         0
                text6                               C47      C47      15D         0
                text5                                 3        3       13         0
                text4                              1737     1737        7         0
                text3                              1731     1731        6         0
                text2                               A83      A83       6E         0
                text1                               8DF      8DF       29         0
                maintext                            908      908       2D         0
                clrtext                            173E     173E        8         0
                idataBANK0                         1728     1728        4         0

        CLASS   STRCODE        

        CLASS   STRING         
                strings                             800      800       6B         0

        CLASS   CONST          

        CLASS   ENTRY          

        CLASS   COMMON         
                cstackCOMMON                         70       70        E         1

        CLASS   BANK0          
                cstackBANK0                          20       20       40         1
                dataBANK0                            67       67        4         1
                bssBANK0                             60       60        7         1

        CLASS   BANK1          
                cstackBANK1                          A0       A0       4A         1

        CLASS   BANK2          
                bssBANK2                            110      110       28         1

        CLASS   BANK3          
                cstackBANK3                         190      190       60         1

        CLASS   RAM            

        CLASS   ABS1           
                abs_s1                               7E       7E        2         1

        CLASS   SFR0           

        CLASS   SFR1           

        CLASS   SFR2           

        CLASS   SFR3           

        CLASS   CONFIG         
                config                             2007     2007        1         4

        CLASS   IDLOC          

        CLASS   EEDATA         

        CLASS   HEAP           

        CLASS   STACK          



SEGMENTS        Name                           Load    Length   Top    Selector   Space  Class     Delta

                text12                         0008B8  000027  0008DF      1170       0  CODE        2
                text1                          0008DF  000029  000908      11BE       0  CODE        2
                maintext                       000908  00002D  000935      1210       0  CODE        2
                text19                         0017DF  000021  001800      2FBE       0  CODE        2
                text23                         00086C  000025  000891      10D8       0  CODE        2
                text27                         000891  000027  0008B8      1122       0  CODE        2
                text17                         000935  00004A  00097F      126A       0  CODE        2
                strings                        000800  00006B  00086B      1000       0  STRING      2
                text2                          000A83  00006E  000AF1      1506       0  CODE        2
                text24                         000016  000076  00008C        2C       0  CODE        2
                text11                         00097F  00004A  0009C9      12FE       0  CODE        2
                text29                         0009C9  000057  000A20      1392       0  CODE        2
                text30                         000A20  000063  000A83      1440       0  CODE        2
                text21                         0017BE  000021  0017DF      2F7C       0  CODE        2
                text10                         00172C  000005  001731      2E58       0  CODE        2
                text3                          001731  000006  001737      2E62       0  CODE        2
                text4                          001737  000007  00173E      2E6E       0  CODE        2
                text9                          001720  000004  001724      2E40       0  CODE        2
                text8                          001724  000004  001728      2E48       0  CODE        2
                idataBANK0                     001728  000004  00172C      2E50       0  CODE        2
                clrtext                        00173E  000008  001746      2E7C       0  CODE        2
                text15                         001772  000018  00178A      2EE4       0  CODE        2
                text16                         00178A  00001A  0017A4      2F14       0  CODE        2
                text13                         0017A4  00001A  0017BE      2F48       0  CODE        2
                text25                         001746  00000B  001751      2E8C       0  CODE        2
                text14                         001751  000010  001761      2EA2       0  CODE        2
                text18                         001761  000011  001772      2EC2       0  CODE        2
                text28                         000AF1  0000A2  000B93      15E2       0  CODE        2
                cstackBANK1                    0000A0  00004A  0000EA        A0       1  BANK1       1
                reset_vec                      000000  000016  000016         0       0  CODE        2
                cstackBANK0                    000020  00004B  00006B        20       1  BANK0       1
                cstackCOMMON                   000070  00000E  00007E        70       1  COMMON      1
                cinit                          0007D4  00002C  000800       FA8       0  CODE        2
                text6                          000C47  00015D  000DA4      188E       0  CODE        2
                text31                         000DA4  00025C  001000      1B48       0  CODE        2
                text22                         000B93  0000B4  000C47      1726       0  CODE        2
                text7                          00008C  0000BA  000146       118       0  CODE        2
                text26                         000146  000342  000488       28C       0  CODE        2
                bssBANK2                       000110  000028  000138       110       1  BANK2       1
                cstackBANK3                    000190  000060  0001F0       190       1  BANK3       1
                text20                         000488  00034C  0007D4       910       0  CODE        2


UNUSED ADDRESS RANGES

        Name                Unused          Largest block    Delta
        BANK0            006B-006F              5           1
        BANK1            00EA-00EF              6           1
        BANK2            0138-016F             38           1
        CODE             086B-086B              1           2
                         1000-171F            720
                         1800-1FFF            800
        CONST            086B-086B              1           2
                         1000-171F            100
                         1800-1FFF            100
        EEDATA           2100-21FF            100           2
        ENTRY            086B-086B              1           2
                         1000-171F            100
                         1800-1FFF            100
        IDLOC            2000-2003              4           2
        RAM              006B-006F              5           1
                         00EA-00EF              6
                         0138-016F             38
        SFR0             0000-001F             20           1
        SFR1             0080-009F             20           1
        SFR2             0100-010F             10           1
        SFR3             0180-018F             10           1
        STRCODE          086B-086B              1           2
                         1000-171F            720
                         1800-1FFF            800
        STRING           086B-086B              1           2
                         1000-171F            100
                         1800-1FFF            100

                                  Symbol Table

?__Umul8_16                          cstackCOMMON 0070
?___awdiv                            cstackCOMMON 0070
?___awmod                            cstackCOMMON 0070
?___fladd                            cstackCOMMON 0070
?___flmul                            cstackBANK0  0020
?___flneg                            cstackCOMMON 0070
?___fltol                            cstackBANK0  003A
?___wmul                             cstackCOMMON 0070
?___xxtofl                           cstackCOMMON 0070
?_append_string_from_float           cstackBANK0  0044
_INTCONbits                          (abs)        000B
_OPTION_REGbits                      (abs)        0081
_PORTB                               (abs)        0006
_PORTBbits                           (abs)        0006
_PORTCbits                           (abs)        0007
_PORTDbits                           (abs)        0008
_TRISB                               (abs)        0086
_TRISCbits                           (abs)        0087
_TRISDbits                           (abs)        0088
__H__absolute__                      __absolute__ 0000
__Habs1                              abs1         0000
__Hbank0                             bank0        0000
__Hbank1                             bank1        0000
__Hbank2                             bank2        0000
__Hbank3                             bank3        0000
__HbssBANK0                          bssBANK0     0000
__HbssBANK2                          bssBANK2     0000
__Hcinit                             cinit        0800
__Hclrtext                           clrtext      0000
__Hcode                              code         0000
__Hcommon                            common       0000
__Hconfig                            config       2008
__HcstackBANK0                       cstackBANK0  0000
__HcstackBANK1                       cstackBANK1  0000
__HcstackBANK3                       cstackBANK3  0000
__HcstackCOMMON                      cstackCOMMON 0000
__HdataBANK0                         dataBANK0    0000
__Heeprom_data                       eeprom_data  0000
__Hend_init                          end_init     0003
__Hfunctab                           functab      0000
__Hheap                              heap         0000
__HidataBANK0                        idataBANK0   0000
__Hinit                              init         0000
__Hintentry                          intentry     0000
__Hmaintext                          maintext     0000
__Hpowerup                           powerup      0000
__Hram                               ram          0000
__Hreset_vec                         reset_vec    0000
__Hsfr0                              sfr0         0000
__Hsfr1                              sfr1         0000
__Hsfr2                              sfr2         0000
__Hsfr3                              sfr3         0000
__Hsivt                              sivt         0000
__Hspace_0                           (abs)        1800
__Hspace_1                           (abs)        01F0
__Hspace_2                           (abs)        0000
__Hspace_3                           (abs)        0000
__Hspace_4                           (abs)        400F
__Hstack                             stack        0000
__Hstrings                           strings      0000
__Htext                              text         0000
__L__absolute__                      __absolute__ 0000
__Labs1                              abs1         0000
__Lbank0                             bank0        0000
__Lbank1                             bank1        0000
__Lbank2                             bank2        0000
__Lbank3                             bank3        0000
__LbssBANK0                          bssBANK0     0000
__LbssBANK2                          bssBANK2     0000
__Lcinit                             cinit        07D4
__Lclrtext                           clrtext      0000
__Lcode                              code         0000
__Lcommon                            common       0000
__Lconfig                            config       0000
__LcstackBANK0                       cstackBANK0  0000
__LcstackBANK1                       cstackBANK1  0000
__LcstackBANK3                       cstackBANK3  0000
__LcstackCOMMON                      cstackCOMMON 0000
__LdataBANK0                         dataBANK0    0000
__Leeprom_data                       eeprom_data  0000
__Lend_init                          end_init     0000
__Lfunctab                           functab      0000
__Lheap                              heap         0000
__LidataBANK0                        idataBANK0   0000
__Linit                              init         0000
__Lintentry                          intentry     0000
__Lmaintext                          maintext     0000
__Lpowerup                           powerup      0000
__Lram                               ram          0000
__Lreset_vec                         reset_vec    0000
__Lsfr0                              sfr0         0000
__Lsfr1                              sfr1         0000
__Lsfr2                              sfr2         0000
__Lsfr3                              sfr3         0000
__Lsivt                              sivt         0000
__Lspace_0                           (abs)        0000
__Lspace_1                           (abs)        0000
__Lspace_2                           (abs)        0000
__Lspace_3                           (abs)        0000
__Lspace_4                           (abs)        0000
__Lstack                             stack        0000
__Lstrings                           strings      0000
__Ltext                              text         0000
__S0                                 (abs)        1800
__S1                                 (abs)        01F0
__S3                                 (abs)        0000
__Umul8_16                           text27       0891
__Umul8_16@multiplicand              cstackCOMMON 0070
__Umul8_16@multiplier                cstackCOMMON 0078
__Umul8_16@product                   cstackCOMMON 0074
__Umul8_16@word_mpld                 cstackCOMMON 0076
___awdiv                             text30       0A20
___awdiv@counter                     cstackCOMMON 0074
___awdiv@dividend                    cstackCOMMON 0072
___awdiv@divisor                     cstackCOMMON 0070
___awdiv@quotient                    cstackCOMMON 0076
___awdiv@sign                        cstackCOMMON 0075
___awmod                             text29       09C9
___awmod@counter                     cstackCOMMON 0074
___awmod@dividend                    cstackCOMMON 0072
___awmod@divisor                     cstackCOMMON 0070
___awmod@sign                        cstackCOMMON 0075
___fladd                             text31       0DA4
___fladd@a                           cstackCOMMON 0074
___fladd@aexp                        cstackCOMMON 0079
___fladd@b                           cstackCOMMON 0070
___fladd@bexp                        cstackCOMMON 007A
___fladd@grs                         cstackCOMMON 007B
___fladd@signs                       cstackCOMMON 0078
___flge                              text28       0AF1
___flge@ff1                          cstackCOMMON 0070
___flge@ff2                          cstackCOMMON 0074
___flmul                             text26       0146
___flmul@a                           cstackBANK0  0024
___flmul@aexp                        cstackBANK0  0032
___flmul@b                           cstackBANK0  0020
___flmul@bexp                        cstackBANK0  0033
___flmul@grs                         cstackBANK0  002E
___flmul@prod                        cstackBANK0  0034
___flmul@sign                        cstackBANK0  002D
___flmul@temp                        cstackBANK0  0038
___flneg                             text25       1746
___flneg@f1                          cstackCOMMON 0070
___fltol                             text24       0016
___fltol@exp1                        cstackBANK0  0043
___fltol@f1                          cstackBANK0  003A
___fltol@sign1                       cstackBANK0  0042
___heap_hi                           (abs)        0000
___heap_lo                           (abs)        0000
___int_sp                            stack        0000
___int_stack_hi                      stack        0000
___int_stack_lo                      stack        0000
___latbits                           (abs)        0002
___sp                                stack        0000
___stack_hi                          stack        0000
___stack_lo                          stack        0000
___stackhi                           (abs)        0000
___stacklo                           (abs)        0000
___wmul                              text23       086C
___wmul@multiplicand                 cstackCOMMON 0072
___wmul@multiplier                   cstackCOMMON 0070
___wmul@product                      cstackCOMMON 0074
___xxtofl                            text22       0B93
___xxtofl@arg                        cstackCOMMON 007A
___xxtofl@exp                        cstackCOMMON 0079
___xxtofl@sign                       cstackCOMMON 0078
___xxtofl@val                        cstackCOMMON 0070
__end_of__Umul8_16                   text27       08B8
__end_of___awdiv                     text30       0A83
__end_of___awmod                     text29       0A20
__end_of___fladd                     text31       1000
__end_of___flge                      text28       0B93
__end_of___flmul                     text26       0488
__end_of___flneg                     text25       1751
__end_of___fltol                     text24       008C
__end_of___wmul                      text23       0891
__end_of___xxtofl                    text22       0C47
__end_of__initialization             cinit        07FC
__end_of__stringtab                  strings      0810
__end_of_append_string_from_float    text20       07D4
__end_of_clear_lines                 text19       1800
__end_of_concatenate_error           text18       1772
__end_of_display_update              text11       09C9
__end_of_exit_actions                text10       1731
__end_of_glbal_interrupts            text4        173E
__end_of_key_action                  text7        0146
__end_of_keyboard_pin_config         text3        1737
__end_of_lcd_clear                   text14       1761
__end_of_lcd_command                 text16       17A4
__end_of_lcd_data                    text13       17BE
__end_of_lcd_delay_ms                text15       178A
__end_of_lcd_goto                    text12       08DF
__end_of_lcd_init                    text2        0AF1
__end_of_lcd_send_nibble             text17       097F
__end_of_led_turn_off                text9        1724
__end_of_led_turn_on                 text8        1728
__end_of_main                        maintext     0935
__end_of_row1                        strings      0830
__end_of_row2                        strings      0828
__end_of_row3                        strings      0820
__end_of_row4                        strings      0818
__end_of_scan_key                    text6        0DA4
__end_of_scan_main_input             text5        0016
__end_of_strcpy                      text21       17DF
__end_of_system_boot                 text1        0908
__initialization                     cinit        07D4
__pbssBANK0                          bssBANK0     0060
__pbssBANK2                          bssBANK2     0110
__pcstackBANK0                       cstackBANK0  0020
__pcstackBANK1                       cstackBANK1  00A0
__pcstackBANK3                       cstackBANK3  0190
__pcstackCOMMON                      cstackCOMMON 0070
__pdataBANK0                         dataBANK0    0067
__pidataBANK0                        idataBANK0   1728
__pmaintext                          maintext     0908
__pstrings                           strings      0800
__ptext1                             text1        08DF
__ptext10                            text10       172C
__ptext11                            text11       097F
__ptext12                            text12       08B8
__ptext13                            text13       17A4
__ptext14                            text14       1751
__ptext15                            text15       1772
__ptext16                            text16       178A
__ptext17                            text17       0935
__ptext18                            text18       1761
__ptext19                            text19       17DF
__ptext2                             text2        0A83
__ptext20                            text20       0488
__ptext21                            text21       17BE
__ptext22                            text22       0B93
__ptext23                            text23       086C
__ptext24                            text24       0016
__ptext25                            text25       1746
__ptext26                            text26       0146
__ptext27                            text27       0891
__ptext28                            text28       0AF1
__ptext29                            text29       09C9
__ptext3                             text3        1731
__ptext30                            text30       0A20
__ptext31                            text31       0DA4
__ptext4                             text4        1737
__ptext5                             text5        0003
__ptext6                             text6        0C47
__ptext7                             text7        008C
__ptext8                             text8        1724
__ptext9                             text9        1720
__stringbase                         strings      080F
__stringtab                          strings      0800
_append_string_from_float            text20       0488
_clear_lines                         text19       17DF
_concatenate_error                   text18       1761
_display_update                      text11       097F
_exit_actions                        text10       172C
_glbal_interrupts                    text4        1737
_key_action                          text7        008C
_key_press                           bssBANK0     0062
_key_pressed_value                   bssBANK0     0066
_key_ready                           bssBANK0     0064
_keyboard_pin_config                 text3        1731
_lcd_clear                           text14       1751
_lcd_command                         text16       178A
_lcd_data                            text13       17A4
_lcd_delay_ms                        text15       1772
_lcd_goto                            text12       08B8
_lcd_init                            text2        0A83
_lcd_send_nibble                     text17       0935
_led_turn_off                        text9        1720
_led_turn_on                         text8        1724
_line1                               bssBANK2     0124
_line2                               bssBANK2     0110
_main                                maintext     0908
_new_key                             bssBANK0     0060
_row1                                strings      0828
_row2                                strings      0820
_row3                                strings      0818
_row4                                strings      0810
_scan_key                            text6        0C47
_scan_main_input                     text5        0003
_strcpy                              text21       17BE
_system_boot                         text1        08DF
_var                                 dataBANK0    0067
append_string_from_float@buffer      cstackBANK0  0044
append_string_from_float@buffer_size cstackBANK0  004D
append_string_from_float@fr          cstackBANK0  005E
append_string_from_float@frac_part   cstackBANK1  00E2
append_string_from_float@frac_rev    cstackBANK3  0190
append_string_from_float@i           cstackBANK0  0052
append_string_from_float@i_339       cstackBANK0  0054
append_string_from_float@int_part    cstackBANK1  00E4
append_string_from_float@mult        cstackBANK1  00E0
append_string_from_float@negative    cstackBANK0  0056
append_string_from_float@pos         cstackBANK1  00E8
append_string_from_float@precision   cstackBANK0  004B
append_string_from_float@rev         cstackBANK1  00A0
append_string_from_float@rev_335     cstackBANK1  00C0
append_string_from_float@rp          cstackBANK0  0058
append_string_from_float@rp_336      cstackBANK0  005C
append_string_from_float@start_point cstackBANK0  0045
append_string_from_float@temp        cstackBANK3  01B0
append_string_from_float@total       cstackBANK0  005A
append_string_from_float@truncated   cstackBANK1  00E6
append_string_from_float@value       cstackBANK0  0047
btemp                                (abs)        007E
btemp0                               (abs)        007E
btemp1                               (abs)        007F
clear_lines@i                        cstackCOMMON 0070
clear_ram0                           clrtext      173E
display_update@i                     cstackCOMMON 0078
end_of_initialization                cinit        07FC
glbal_interrupts@value               cstackCOMMON 0070
intlevel0                            functab      0000
intlevel1                            functab      0000
intlevel2                            functab      0000
intlevel3                            functab      0000
intlevel4                            functab      0000
intlevel5                            functab      0000
lcd_command@cmd                      cstackCOMMON 0074
lcd_data@data                        cstackCOMMON 0074
lcd_delay_ms@ms                      cstackCOMMON 0070
lcd_goto@address                     cstackCOMMON 0077
lcd_goto@col                         cstackCOMMON 0075
lcd_goto@row                         cstackCOMMON 0076
lcd_send_nibble@nibble               cstackCOMMON 0072
ltemp0a                              (abs)        0080
reset_vec                            reset_vec    0000
start                                init         0000
start_initialization                 cinit        07D4
strcpy@d                             cstackCOMMON 0075
strcpy@dest                          cstackCOMMON 0070
strcpy@src                           cstackCOMMON 0071
ttemp0a                              (abs)        007F
wtemp0                               (abs)        007E
wtemp0a                              (abs)        007F


MODULE INFORMATION

Module		Function		Class		Link	Load	Size
/opt/microchip/xc8/v3.10/pic/sources/c99/common/strcpy.c
		_strcpy        		CODE           	17BE	0000	33

/opt/microchip/xc8/v3.10/pic/sources/c99/common/strcpy.c estimated size: 33

/opt/microchip/xc8/v3.10/pic/sources/c99/common/flneg.c
		___flneg       		CODE           	1746	0000	11

/opt/microchip/xc8/v3.10/pic/sources/c99/common/flneg.c estimated size: 11

/home/vbox/MPLABXProjects/ProgramIntegration.X/lcd.h
		_lcd_command   		CODE           	178A	0000	26
		_lcd_delay_ms  		CODE           	1772	0000	24
		_lcd_data      		CODE           	17A4	0000	26
		_lcd_clear     		CODE           	1751	0000	16
		_lcd_goto      		CODE           	08B8	0000	39
		_lcd_send_nibble		CODE           	0935	0000	74
		_lcd_init      		CODE           	0A83	0000	110

/home/vbox/MPLABXProjects/ProgramIntegration.X/lcd.h estimated size: 315

/opt/microchip/xc8/v3.10/pic/sources/c99/common/flge.c
		___flge        		CODE           	0AF1	0000	162

/opt/microchip/xc8/v3.10/pic/sources/c99/common/flge.c estimated size: 162

/home/vbox/MPLABXProjects/ProgramIntegration.X/main.c
		_concatenate_error		CODE           	1761	0000	17
		_main          		CODE           	0908	0000	45
		_key_action    		CODE           	008C	0000	186
		_append_string_from_float		CODE           	0488	0000	844
		_clear_lines   		CODE           	17DF	0000	33

/home/vbox/MPLABXProjects/ProgramIntegration.X/main.c estimated size: 1125

/home/vbox/MPLABXProjects/ProgramIntegration.X/utils.h
		_glbal_interrupts		CODE           	1737	0000	7

/home/vbox/MPLABXProjects/ProgramIntegration.X/utils.h estimated size: 7

/opt/microchip/xc8/v3.10/pic/sources/c99/common/sprcadd.c
		___fladd       		CODE           	0DA4	0000	604

/opt/microchip/xc8/v3.10/pic/sources/c99/common/sprcadd.c estimated size: 604

/opt/microchip/xc8/v3.10/pic/sources/c99/common/awmod.c
		___awmod       		CODE           	09C9	0000	87

/opt/microchip/xc8/v3.10/pic/sources/c99/common/awmod.c estimated size: 87

/home/vbox/MPLABXProjects/ProgramIntegration.X/PIC16interface.h
		_system_boot   		CODE           	08DF	0000	41
		_exit_actions  		CODE           	172C	0000	5
		_scan_main_input		CODE           	0003	0000	19
		_display_update		CODE           	097F	0000	74
		_led_turn_on   		CODE           	1724	0000	4
		_led_turn_off  		CODE           	1720	0000	4

/home/vbox/MPLABXProjects/ProgramIntegration.X/PIC16interface.h estimated size: 147

/home/vbox/MPLABXProjects/ProgramIntegration.X/keyboard_4x4.h
		_scan_key      		CODE           	0C47	0000	349
		_keyboard_pin_config		CODE           	1731	0000	6

/home/vbox/MPLABXProjects/ProgramIntegration.X/keyboard_4x4.h estimated size: 355

/opt/microchip/xc8/v3.10/pic/sources/c99/common/Umul16.c
		___wmul        		CODE           	086C	0000	37

/opt/microchip/xc8/v3.10/pic/sources/c99/common/Umul16.c estimated size: 37

shared
		_row1          		STRING         	0828	0000	8
		_row2          		STRING         	0820	0000	8
		__stringtab    		STRING         	0800	0000	16
		_row3          		STRING         	0818	0000	8
		_row4          		STRING         	0810	0000	8
		__initialization		CODE           	07D4	0000	40

shared estimated size: 88

/opt/microchip/xc8/v3.10/pic/sources/c99/common/awdiv.c
		___awdiv       		CODE           	0A20	0000	99

/opt/microchip/xc8/v3.10/pic/sources/c99/common/awdiv.c estimated size: 99

/opt/microchip/xc8/v3.10/pic/sources/c99/common/fltol.c
		___fltol       		CODE           	0016	0000	118

/opt/microchip/xc8/v3.10/pic/sources/c99/common/fltol.c estimated size: 118

/opt/microchip/xc8/v3.10/pic/sources/c99/common/sprcmul.c
		___flmul       		CODE           	0146	0000	834

/opt/microchip/xc8/v3.10/pic/sources/c99/common/sprcmul.c estimated size: 834

/opt/microchip/xc8/v3.10/pic/sources/c99/common/xxtofl.c
		___xxtofl      		CODE           	0B93	0000	180

/opt/microchip/xc8/v3.10/pic/sources/c99/common/xxtofl.c estimated size: 180

/opt/microchip/xc8/v3.10/pic/sources/c99/common/Umul8_16.c
		__Umul8_16     		CODE           	0891	0000	39

/opt/microchip/xc8/v3.10/pic/sources/c99/common/Umul8_16.c estimated size: 39

